3.0000005.0000007.0000009.00000011.00000013.00000015.00000017.00000019.00000021.00000023.00000025.0000003.0000005.0000007.0000009.00000011.00000013.00000015.00000017.00000019.00000021.000000