5
(null)
[Object at 0x17f3478]
(null)
[Array at 0x17f3498]
5.600000
d


e
(null)
Hello
