<Module>
	<FunctionDefinition>
		<Name>factorial</Name>
		<ReturnType>int</ReturnType>
		<Parameters>
			<Parameter>
				<Name>x</Name>
				<Type>int</Type>
			</Parameter>
		</Parameters>
		<Block>
			<VariableDeclaration>
				<Name>n</Name>
				<Type>int</Type>
			</VariableDeclaration>
			<VariableDeclaration>
				<Name>f</Name>
				<Type>float</Type>
			</VariableDeclaration>
			<VariableDeclaration>
				<Name>s</Name>
				<Type>string</Type>
			</VariableDeclaration>
			<Assignment>
				<Var>n</Var>
				<IntConstant>1</IntConstant>
			</Assignment>
			<While>
				<Condition>
					<GreaterThan>
						<ExpVar>
							<Var>x</Var>
						</ExpVar>
						<IntConstant>1</IntConstant>
					</GreaterThan>
				</Condition>
				<Do>
					<Assignment>
						<Var>n</Var>
						<Multiplication>
							<OperandA>
								<ExpVar>
									<Var>n</Var>
								</ExpVar>
							</OperandA>
							<OperandB>
								<ExpVar>
									<Var>x</Var>
								</ExpVar>
							</OperandB>
						</Multiplication>
					</Assignment>
					<Assignment>
						<Var>x</Var>
						<Subtraction>
							<OperandA>
								<ExpVar>
									<Var>x</Var>
								</ExpVar>
							</OperandA>
							<OperandB>
								<IntConstant>1</IntConstant>
							</OperandB>
						</Subtraction>
					</Assignment>
				</Do>
			</While>
			<Return>
				<ExpVar>
					<Var>n</Var>
				</ExpVar>
			</Return>
		</Block>
	</FunctionDefinition>
	<FunctionDefinition>
		<Name>main</Name>
		<ReturnType>void</ReturnType>
		<Parameters>
			<Parameter>
				<Name>argc</Name>
				<Type>int</Type>
			</Parameter>
			<Parameter>
				<Name>argv</Name>
				<Type>stringarray</Type>
			</Parameter>
			<Parameter>
				<Name>f</Name>
				<Type>float</Type>
			</Parameter>
		</Parameters>
		<Block>
			<Call>
				<Callee>print</Callee>
				<Parameters>
					<Parameter>
						<Call>
							<Callee>factorial</Callee>
							<Parameters>
								<Parameter>
									<IntConstant>32</IntConstant>
								</Parameter>
							</Parameters>
						</Call>
					</Parameter>
				</Parameters>
			</Call>
			<Assignment>
				<Var>f</Var>
				<FloatConstant>400.000000</FloatConstant>
			</Assignment>
		</Block>
	</FunctionDefinition>
</Module>
