var
identifier a
identifier int
identifier a
lit_float 2.400