var
identifier mee
function
while
lit_int 4424
lit_float 1.500
op_le