[Error] At line 2, column 8: Variable 'i' was not declared in this scope.
[Error] At line 4, column 14: Cannot return value of type 'int' in function declared with return type 'void'.
Semantic errors were caught during analysis.
