Syntax error at line 1, column 24.
Errors during syntax analysis.
