[Error] At line 2, column 14: Cannot return value of type 'float' in function declared with return type 'int'.
Semantic errors were caught during analysis.
