[Error] Module sem_test_cases/err_if, line 2, column 17: Invalid comparison between values of types 'int' and 'double'.
Semantic errors were caught during analysis.
