[Error] Module tests/sem_test_cases/err_undeclared, line 9, column 8: Variable 'x' was not declared in this scope.
Semantic errors were caught during analysis.
